[0527/183937.655:INFO:CONSOLE(237)] "Event handler of 'x-storagemutated-1' event must be added on the initial evaluation of worker script.", source: https://static.whatsapp.net/rsrc.php/v4/yL/r/8EAyw3eqKKL.js (237)
[0527/183938.125:INFO:CONSOLE(0)] "Error with Permissions-Policy header: Feature xr-spatial-tracking's parameters are ignored.", source:  (0)
[0527/183938.125:INFO:CONSOLE(0)] "Error with Permissions-Policy header: Origin trial controlled feature not enabled: 'attribution-reporting'.", source:  (0)
[0527/183938.125:INFO:CONSOLE(0)] "Error with Permissions-Policy header: Unrecognized feature: 'compute-pressure'.", source:  (0)
[0527/183938.127:INFO:CONSOLE(0)] "Error with Permissions-Policy header: Origin trial controlled feature not enabled: 'interest-cohort'.", source:  (0)
[0527/183938.127:INFO:CONSOLE(0)] "Error with Permissions-Policy header: Unrecognized feature: 'private-state-token-issuance'.", source:  (0)
[0527/183938.127:INFO:CONSOLE(0)] "Error with Permissions-Policy header: Origin trial controlled feature not enabled: 'shared-storage'.", source:  (0)
[0527/183938.127:INFO:CONSOLE(0)] "Error with Permissions-Policy header: Unrecognized feature: 'shared-storage-select-url'.", source:  (0)
[0527/183938.127:INFO:CONSOLE(0)] "Error with Permissions-Policy header: Unrecognized feature: 'private-state-token-redemption'.", source:  (0)
[0527/183938.127:INFO:CONSOLE(0)] "Error with Permissions-Policy header: Unrecognized feature: 'unload'.", source:  (0)
[0527/183938.127:INFO:CONSOLE(0)] "Error with Permissions-Policy header: Unrecognized feature: 'window-management'.", source:  (0)
[0527/183938.129:INFO:CONSOLE(0)] "Document-Policy HTTP header: Unrecognized document policy feature name include-js-call-stacks-in-crash-reports.", source: https://web.whatsapp.com/ (0)
[0527/183940.553:INFO:CONSOLE(79)] "ErrorUtils caught an error:

[storage] storage bucket persistence denied (aquire-persistent-storage-denied)

Subsequent non-fatal errors won't be logged; see https://fburl.com/debugjs. [object Object]", source: https://static.whatsapp.net/rsrc.php/v4/ym/r/t_lX-67hSLT.js (79)
[0527/183945.063:INFO:CONSOLE(0)] "[.WebGL-00007A10003A8D00]GL Driver Message (OpenGL, Performance, GL_CLOSE_PATH_NV, High): GPU stall due to ReadPixels", source: https://web.whatsapp.com/ (0)
[0527/183945.538:INFO:CONSOLE(63)] "The PerformanceObserver does not support buffered flag with the entryTypes argument.", source: https://static.whatsapp.net/rsrc.php/v4/y9/r/vw-jH6Zh0WkFjluiEILWtlNbPy0fdchMZyEUlXx-ampY0E6cBLyx6_bNh0czHE31lyvZ8vvFEYjcVi4LayP_ogKivb4ZvCT0qWkPEhKoCoB3QVDLW_Uqry6zXe0qnL2dG90H8rID-arHmHsD3sMMaP-mao.js (63)
[0527/183954.906:INFO:CONSOLE(79)] "ErrorUtils caught an error:

Requiring unknown module "WAPhoneUtils"

Subsequent non-fatal errors won't be logged; see https://fburl.com/debugjs. [object Object]", source: https://static.whatsapp.net/rsrc.php/v4/ym/r/t_lX-67hSLT.js (79)
[0527/183954.922:INFO:CONSOLE(79)] "ErrorUtils caught an error:

Requiring unknown module "WAWebNewsletterToggleMuteStateJob"

Subsequent non-fatal errors won't be logged; see https://fburl.com/debugjs. [object Object]", source: https://static.whatsapp.net/rsrc.php/v4/ym/r/t_lX-67hSLT.js (79)
[0527/183954.928:INFO:CONSOLE(79)] "ErrorUtils caught an error:

Requiring unknown module "WAWebMexFetchNewsletterSubscribersJob"

Subsequent non-fatal errors won't be logged; see https://fburl.com/debugjs. [object Object]", source: https://static.whatsapp.net/rsrc.php/v4/ym/r/t_lX-67hSLT.js (79)
[0527/183954.974:INFO:CONSOLE(0)] "[.WebGL-00007A1000971400]GL Driver Message (OpenGL, Performance, GL_CLOSE_PATH_NV, High): GPU stall due to ReadPixels", source: https://web.whatsapp.com/ (0)
